// Jest Snapshot v1, https://goo.gl/fbAQLP

exports[`deletes a file from filesystem rejects if there is an error during unlink 1`] = `"error"`;
